// Jest Snapshot v1, https://goo.gl/fbAQLP

exports[`<LeNavbar /> should render the heading 1`] = `
<h1>
  LeNavbar
</h1>
`;
