// Jest Snapshot v1, https://goo.gl/fbAQLP

exports[`<MapaPersonas /> should render the heading 1`] = `
<h1>
  MapaPersonas
</h1>
`;
